Archive member included to satisfy reference by file (symbol)

/usr/lib/gcc/arm-none-eabi/10.2.0/../../../../arm-none-eabi/lib/thumb/v7e-m/nofp/libm.a(lib_a-s_floor.o)
                              ./src/main.o (floor)
/usr/lib/gcc/arm-none-eabi/10.2.0/../../../../arm-none-eabi/lib/thumb/v7e-m/nofp/libm.a(lib_a-w_log10.o)
                              ./src/main.o (log10)
/usr/lib/gcc/arm-none-eabi/10.2.0/../../../../arm-none-eabi/lib/thumb/v7e-m/nofp/libm.a(lib_a-w_pow.o)
                              ./src/main.o (pow)
/usr/lib/gcc/arm-none-eabi/10.2.0/../../../../arm-none-eabi/lib/thumb/v7e-m/nofp/libm.a(lib_a-e_log10.o)
                              /usr/lib/gcc/arm-none-eabi/10.2.0/../../../../arm-none-eabi/lib/thumb/v7e-m/nofp/libm.a(lib_a-w_log10.o) (__ieee754_log10)
/usr/lib/gcc/arm-none-eabi/10.2.0/../../../../arm-none-eabi/lib/thumb/v7e-m/nofp/libm.a(lib_a-e_log.o)
                              /usr/lib/gcc/arm-none-eabi/10.2.0/../../../../arm-none-eabi/lib/thumb/v7e-m/nofp/libm.a(lib_a-e_log10.o) (__ieee754_log)
/usr/lib/gcc/arm-none-eabi/10.2.0/../../../../arm-none-eabi/lib/thumb/v7e-m/nofp/libm.a(lib_a-e_pow.o)
                              /usr/lib/gcc/arm-none-eabi/10.2.0/../../../../arm-none-eabi/lib/thumb/v7e-m/nofp/libm.a(lib_a-w_pow.o) (__ieee754_pow)
/usr/lib/gcc/arm-none-eabi/10.2.0/../../../../arm-none-eabi/lib/thumb/v7e-m/nofp/libm.a(lib_a-e_sqrt.o)
                              /usr/lib/gcc/arm-none-eabi/10.2.0/../../../../arm-none-eabi/lib/thumb/v7e-m/nofp/libm.a(lib_a-e_pow.o) (__ieee754_sqrt)
/usr/lib/gcc/arm-none-eabi/10.2.0/../../../../arm-none-eabi/lib/thumb/v7e-m/nofp/libm.a(lib_a-math_err.o)
                              /usr/lib/gcc/arm-none-eabi/10.2.0/../../../../arm-none-eabi/lib/thumb/v7e-m/nofp/libm.a(lib_a-e_pow.o) (__math_uflow)
/usr/lib/gcc/arm-none-eabi/10.2.0/../../../../arm-none-eabi/lib/thumb/v7e-m/nofp/libm.a(lib_a-s_fabs.o)
                              /usr/lib/gcc/arm-none-eabi/10.2.0/../../../../arm-none-eabi/lib/thumb/v7e-m/nofp/libm.a(lib_a-e_pow.o) (fabs)
/usr/lib/gcc/arm-none-eabi/10.2.0/../../../../arm-none-eabi/lib/thumb/v7e-m/nofp/libm.a(lib_a-s_finite.o)
                              /usr/lib/gcc/arm-none-eabi/10.2.0/../../../../arm-none-eabi/lib/thumb/v7e-m/nofp/libm.a(lib_a-w_pow.o) (finite)
/usr/lib/gcc/arm-none-eabi/10.2.0/../../../../arm-none-eabi/lib/thumb/v7e-m/nofp/libm.a(lib_a-s_nan.o)
                              /usr/lib/gcc/arm-none-eabi/10.2.0/../../../../arm-none-eabi/lib/thumb/v7e-m/nofp/libm.a(lib_a-w_log10.o) (nan)
/usr/lib/gcc/arm-none-eabi/10.2.0/../../../../arm-none-eabi/lib/thumb/v7e-m/nofp/libm.a(lib_a-s_scalbn.o)
                              /usr/lib/gcc/arm-none-eabi/10.2.0/../../../../arm-none-eabi/lib/thumb/v7e-m/nofp/libm.a(lib_a-e_pow.o) (scalbn)
/usr/lib/gcc/arm-none-eabi/10.2.0/thumb/v7e-m/nofp/libgcc.a(_arm_muldf3.o)
                              ./src/main.o (__aeabi_dmul)
/usr/lib/gcc/arm-none-eabi/10.2.0/thumb/v7e-m/nofp/libgcc.a(_arm_addsubdf3.o)
                              ./src/main.o (__aeabi_dsub)
/usr/lib/gcc/arm-none-eabi/10.2.0/thumb/v7e-m/nofp/libgcc.a(_arm_muldivdf3.o)
                              /usr/lib/gcc/arm-none-eabi/10.2.0/../../../../arm-none-eabi/lib/thumb/v7e-m/nofp/libm.a(lib_a-e_log10.o) (__aeabi_ddiv)
/usr/lib/gcc/arm-none-eabi/10.2.0/thumb/v7e-m/nofp/libgcc.a(_arm_cmpdf2.o)
                              /usr/lib/gcc/arm-none-eabi/10.2.0/../../../../arm-none-eabi/lib/thumb/v7e-m/nofp/libm.a(lib_a-w_log10.o) (__aeabi_dcmpeq)
/usr/lib/gcc/arm-none-eabi/10.2.0/thumb/v7e-m/nofp/libgcc.a(_arm_unorddf2.o)
                              /usr/lib/gcc/arm-none-eabi/10.2.0/../../../../arm-none-eabi/lib/thumb/v7e-m/nofp/libm.a(lib_a-w_log10.o) (__aeabi_dcmpun)
/usr/lib/gcc/arm-none-eabi/10.2.0/thumb/v7e-m/nofp/libgcc.a(_arm_fixdfsi.o)
                              ./src/main.o (__aeabi_d2iz)
/usr/lib/gcc/arm-none-eabi/10.2.0/thumb/v7e-m/nofp/libgcc.a(_aeabi_uldivmod.o)
                              ./system/src/hal/stm32f4xx_hal_rcc.o (__aeabi_uldivmod)
/usr/lib/gcc/arm-none-eabi/10.2.0/thumb/v7e-m/nofp/libgcc.a(_udivmoddi4.o)
                              /usr/lib/gcc/arm-none-eabi/10.2.0/thumb/v7e-m/nofp/libgcc.a(_aeabi_uldivmod.o) (__udivmoddi4)
/usr/lib/gcc/arm-none-eabi/10.2.0/thumb/v7e-m/nofp/libgcc.a(unwind-arm.o)
                              ./system/src/newlib/_cxx.o (__aeabi_unwind_cpp_pr1)
/usr/lib/gcc/arm-none-eabi/10.2.0/thumb/v7e-m/nofp/libgcc.a(libunwind.o)
                              /usr/lib/gcc/arm-none-eabi/10.2.0/thumb/v7e-m/nofp/libgcc.a(unwind-arm.o) (restore_core_regs)
/usr/lib/gcc/arm-none-eabi/10.2.0/thumb/v7e-m/nofp/libgcc.a(pr-support.o)
                              /usr/lib/gcc/arm-none-eabi/10.2.0/thumb/v7e-m/nofp/libgcc.a(unwind-arm.o) (__gnu_unwind_execute)
/usr/lib/gcc/arm-none-eabi/10.2.0/thumb/v7e-m/nofp/libgcc.a(_dvmd_tls.o)
                              /usr/lib/gcc/arm-none-eabi/10.2.0/thumb/v7e-m/nofp/libgcc.a(_aeabi_uldivmod.o) (__aeabi_ldiv0)
[...]
Memory Configuration

Name             Origin             Length             Attributes
FLASH            0x0000000008000000 0x0000000000200000 xr
RAM              0x0000000020000000 0x0000000000030000 xrw
CCMRAM           0x0000000010000000 0x0000000000000000 xrw
FLASHB1          0x0000000000000000 0x0000000000000000 xr
EXTMEMB0         0x0000000000000000 0x0000000000000000 xr
EXTMEMB1         0x0000000000000000 0x0000000000000000 xr
EXTMEMB2         0x0000000000000000 0x0000000000000000 xr
EXTMEMB3         0x0000000000000000 0x0000000000000000 xr
*default*        0x0000000000000000 0xffffffffffffffff

Linker script and memory map

LOAD ./system/src/newlib/_cxx.o
LOAD ./system/src/newlib/_exit.o
LOAD ./system/src/newlib/_startup.o
LOAD ./system/src/newlib/_syscalls.o
LOAD ./system/src/newlib/assert.o
LOAD ./system/src/hal/stm32f4xx_hal.o
LOAD ./system/src/hal/stm32f4xx_hal_cortex.o
LOAD ./system/src/hal/stm32f4xx_hal_dma.o
LOAD ./system/src/hal/stm32f4xx_hal_dma_ex.o
LOAD ./system/src/hal/stm32f4xx_hal_exti.o
LOAD ./system/src/hal/stm32f4xx_hal_flash.o
LOAD ./system/src/hal/stm32f4xx_hal_flash_ex.o
LOAD ./system/src/hal/stm32f4xx_hal_flash_ramfunc.o
LOAD ./system/src/hal/stm32f4xx_hal_gpio.o
LOAD ./system/src/hal/stm32f4xx_hal_pwr.o
LOAD ./system/src/hal/stm32f4xx_hal_pwr_ex.o
LOAD ./system/src/hal/stm32f4xx_hal_rcc.o
LOAD ./system/src/hal/stm32f4xx_hal_rcc_ex.o
LOAD ./system/src/hal/stm32f4xx_hal_tim.o
LOAD ./system/src/hal/stm32f4xx_hal_tim_ex.o
LOAD ./system/src/diag/Trace.o
LOAD ./system/src/diag/trace_impl.o
LOAD ./system/src/cortexm/_initialize_hardware.o
LOAD ./system/src/cortexm/_reset_hardware.o
LOAD ./system/src/cortexm/exception_handlers.o
LOAD ./system/src/cmsis/startup_stm32f429xx.o
LOAD ./src/main.o
LOAD ./src/stm32f4xx_hal_msp.o
LOAD ./src/stm32f4xx_it.o
LOAD ./src/syscalls.o
LOAD ./src/system_stm32f4xx.o
LOAD /usr/lib/gcc/arm-none-eabi/10.2.0/../../../../arm-none-eabi/lib/thumb/v7e-m/nofp/libstdc++_nano.a
LOAD /usr/lib/gcc/arm-none-eabi/10.2.0/../../../../arm-none-eabi/lib/thumb/v7e-m/nofp/libm.a
START GROUP
LOAD /usr/lib/gcc/arm-none-eabi/10.2.0/thumb/v7e-m/nofp/libgcc.a
LOAD /usr/lib/gcc/arm-none-eabi/10.2.0/../../../../arm-none-eabi/lib/thumb/v7e-m/nofp/libg_nano.a
LOAD /usr/lib/gcc/arm-none-eabi/10.2.0/../../../../arm-none-eabi/lib/thumb/v7e-m/nofp/libc_nano.a
END GROUP
START GROUP
LOAD /usr/lib/gcc/arm-none-eabi/10.2.0/thumb/v7e-m/nofp/libgcc.a
LOAD /usr/lib/gcc/arm-none-eabi/10.2.0/../../../../arm-none-eabi/lib/thumb/v7e-m/nofp/libc_nano.a
END GROUP
                0x0000000020030000                __stack = (ORIGIN (RAM) + LENGTH (RAM))
                0x0000000020030000                _estack = __stack
                0x0000000000000400                __Main_Stack_Size = 0x400
                [!provide]                        PROVIDE (_Main_Stack_Size = __Main_Stack_Size)
                0x000000002002fc00                __Main_Stack_Limit = (__stack - __Main_Stack_Size)
                [!provide]                        PROVIDE (_Main_Stack_Limit = __Main_Stack_Limit)
                0x0000000000000100                _Minimum_Stack_Size = 0x100
                [!provide]                        PROVIDE (_Heap_Begin = _end_noinit)
                [!provide]                        PROVIDE (_Heap_Limit = (__stack - __Main_Stack_Size))

.isr_vector     0x0000000008000000      0x3ec
 FILL mask 0xff
                0x0000000008000000                __vectors_start = ABSOLUTE (.)
                0x0000000008000000                __vectors_start__ = ABSOLUTE (.)
 *(.isr_vector)
 .isr_vector    0x0000000008000000      0x1ac ./system/src/cmsis/startup_stm32f429xx.o
                0x0000000008000000                g_pfnVectors
 *(.cfmconfig)
 *(.after_vectors .after_vectors.*)
 .after_vectors
                0x00000000080001ac      0x114 ./system/src/newlib/_startup.o
                0x00000000080001ac                _start
 .after_vectors
                0x00000000080002c0      0x12c ./system/src/cortexm/exception_handlers.o
                0x00000000080002c0                Reset_Handler
                0x00000000080002de                HardFault_Handler_C
                0x0000000008000354                BusFault_Handler_C
                0x000000000800039c                UsageFault_Handler_C

.inits          0x00000000080003ec       0x28
                0x00000000080003ec                __data_regions_array_start = .
                0x00000000080003ec        0x4 LONG 0x8004408 LOADADDR (.data)
                0x00000000080003f0        0x4 LONG 0x20000000 ADDR (.data)
                0x00000000080003f4        0x4 LONG 0x20000080 (ADDR (.data) + SIZEOF (.data))
                0x00000000080003f8        0x4 LONG 0x8004408 LOADADDR (.data_CCMRAM)
                0x00000000080003fc        0x4 LONG 0x10000000 ADDR (.data_CCMRAM)
                0x0000000008000400        0x4 LONG 0x10000000 (ADDR (.data_CCMRAM) + SIZEOF (.data_CCMRAM))
                0x0000000008000404                __data_regions_array_end = .
                0x0000000008000404                __bss_regions_array_start = .
                0x0000000008000404        0x4 LONG 0x20000080 ADDR (.bss)
                0x0000000008000408        0x4 LONG 0x20000124 (ADDR (.bss) + SIZEOF (.bss))
                0x000000000800040c        0x4 LONG 0x10000000 ADDR (.bss_CCMRAM)
                0x0000000008000410        0x4 LONG 0x10000000 (ADDR (.bss_CCMRAM) + SIZEOF (.bss_CCMRAM))
                0x0000000008000414                __bss_regions_array_end = .
 *(.init)
 *(.fini)
                0x0000000008000414                . = ALIGN (0x4)
                0x0000000008000414                PROVIDE (__preinit_array_start = .)
 *(.preinit_array_sysinit .preinit_array_sysinit.*)
 *(.preinit_array_platform .preinit_array_platform.*)
 *(.preinit_array .preinit_array.*)
                0x0000000008000414                PROVIDE (__preinit_array_end = .)
                0x0000000008000414                . = ALIGN (0x4)
                0x0000000008000414                PROVIDE (__init_array_start = .)
 *(SORT_BY_NAME(.init_array.*))
 *(.init_array)
                0x0000000008000414                PROVIDE (__init_array_end = .)
                0x0000000008000414                . = ALIGN (0x4)
                0x0000000008000414                PROVIDE (__fini_array_start = .)
 *(SORT_BY_NAME(.fini_array.*))
 *(.fini_array)
                0x0000000008000414                PROVIDE (__fini_array_end = .)

.flashtext
 *(.flashtext .flashtext.*)

.text           0x0000000008000420     0x3fdd
 *(.text .text.*)
 .text.__initialize_args
                0x0000000008000420       0x10 ./system/src/newlib/_syscalls.o
                0x0000000008000420                __initialize_args
 .text.HAL_InitTick
                0x0000000008000430       0x4c ./system/src/hal/stm32f4xx_hal.o
                0x0000000008000430                HAL_InitTick
 .text.HAL_Init
                0x000000000800047c       0x34 ./system/src/hal/stm32f4xx_hal.o
                0x000000000800047c                HAL_Init
 .text.HAL_IncTick
                0x00000000080004b0       0x18 ./system/src/hal/stm32f4xx_hal.o
                0x00000000080004b0                HAL_IncTick
 .text.HAL_GetTick
                0x00000000080004c8        0xc ./system/src/hal/stm32f4xx_hal.o
                0x00000000080004c8                HAL_GetTick
 .text.HAL_NVIC_SetPriorityGrouping
                0x00000000080004d4       0x24 ./system/src/hal/stm32f4xx_hal_cortex.o
                0x00000000080004d4                HAL_NVIC_SetPriorityGrouping
 .text.HAL_NVIC_SetPriority
                0x00000000080004f8       0x70 ./system/src/hal/stm32f4xx_hal_cortex.o
                0x00000000080004f8                HAL_NVIC_SetPriority
 .text.HAL_SYSTICK_Config
                0x0000000008000568       0x28 ./system/src/hal/stm32f4xx_hal_cortex.o
                0x0000000008000568                HAL_SYSTICK_Config
 .text.HAL_RCC_OscConfig
                0x0000000008000590      0x3f8 ./system/src/hal/stm32f4xx_hal_rcc.o
                0x0000000008000590                HAL_RCC_OscConfig
 .text.HAL_RCC_GetSysClockFreq
                0x0000000008000988       0xa4 ./system/src/hal/stm32f4xx_hal_rcc.o
                0x0000000008000988                HAL_RCC_GetSysClockFreq
 .text.HAL_RCC_ClockConfig
                0x0000000008000a2c      0x160 ./system/src/hal/stm32f4xx_hal_rcc.o
                0x0000000008000a2c                HAL_RCC_ClockConfig
 .text.trace_printf
                0x0000000008000b8c       0x34 ./system/src/diag/Trace.o
                0x0000000008000b8c                trace_printf
 .text._trace_write_semihosting_debug
                0x0000000008000bc0       0x60 ./system/src/diag/trace_impl.o
 .text.trace_write
                0x0000000008000c20        0x8 ./system/src/diag/trace_impl.o
                0x0000000008000c20                trace_write
 .text.__initialize_hardware_early
                0x0000000008000c28       0x18 ./system/src/cortexm/_initialize_hardware.o
                0x0000000008000c28                __initialize_hardware_early
 .text.__initialize_hardware
                0x0000000008000c40        0x8 ./system/src/cortexm/_initialize_hardware.o
                0x0000000008000c40                __initialize_hardware
 .text.dumpExceptionStack
                0x0000000008000c48       0xf4 ./system/src/cortexm/exception_handlers.o
                0x0000000008000c48                dumpExceptionStack
 .text.isSemihosting
                0x0000000008000d3c       0x20 ./system/src/cortexm/exception_handlers.o
                0x0000000008000d3c                isSemihosting
 .text.Default_Handler
                0x0000000008000d5c        0x2 ./system/src/cmsis/startup_stm32f429xx.o
                0x0000000008000d5c                RTC_Alarm_IRQHandler
                0x0000000008000d5c                HASH_RNG_IRQHandler
                0x0000000008000d5c                EXTI2_IRQHandler
                0x0000000008000d5c                TIM8_CC_IRQHandler
                0x0000000008000d5c                UART8_IRQHandler
                0x0000000008000d5c                SPI4_IRQHandler
                0x0000000008000d5c                TIM1_CC_IRQHandler
                0x0000000008000d5c                DMA2_Stream5_IRQHandler
                0x0000000008000d5c                DMA1_Stream5_IRQHandler
                0x0000000008000d5c                PVD_IRQHandler
                0x0000000008000d5c                SDIO_IRQHandler
                0x0000000008000d5c                TAMP_STAMP_IRQHandler
                0x0000000008000d5c                CAN2_RX1_IRQHandler
                0x0000000008000d5c                EXTI3_IRQHandler
                0x0000000008000d5c                TIM8_TRG_COM_TIM14_IRQHandler
                0x0000000008000d5c                TIM1_UP_TIM10_IRQHandler
                0x0000000008000d5c                TIM8_UP_TIM13_IRQHandler
                0x0000000008000d5c                I2C3_ER_IRQHandler
                0x0000000008000d5c                EXTI0_IRQHandler
                0x0000000008000d5c                I2C2_EV_IRQHandler
                0x0000000008000d5c                DMA1_Stream2_IRQHandler
                0x0000000008000d5c                CAN1_RX0_IRQHandler
                0x0000000008000d5c                FPU_IRQHandler
                0x0000000008000d5c                OTG_HS_WKUP_IRQHandler
                0x0000000008000d5c                LTDC_ER_IRQHandler
                0x0000000008000d5c                CAN2_SCE_IRQHandler
                0x0000000008000d5c                DMA2_Stream2_IRQHandler
                0x0000000008000d5c                SPI1_IRQHandler
                0x0000000008000d5c                TIM6_DAC_IRQHandler
                0x0000000008000d5c                TIM1_BRK_TIM9_IRQHandler
                0x0000000008000d5c                DCMI_IRQHandler
                0x0000000008000d5c                CAN2_RX0_IRQHandler
                0x0000000008000d5c                DMA2_Stream3_IRQHandler
                0x0000000008000d5c                USART6_IRQHandler
                0x0000000008000d5c                USART3_IRQHandler
                0x0000000008000d5c                CAN1_RX1_IRQHandler
                0x0000000008000d5c                UART5_IRQHandler
                0x0000000008000d5c                DMA2_Stream0_IRQHandler
                0x0000000008000d5c                TIM4_IRQHandler
                0x0000000008000d5c                I2C1_EV_IRQHandler
                0x0000000008000d5c                DMA1_Stream6_IRQHandler
                0x0000000008000d5c                DMA1_Stream1_IRQHandler
                0x0000000008000d5c                UART4_IRQHandler
                0x0000000008000d5c                TIM3_IRQHandler
                0x0000000008000d5c                RCC_IRQHandler
                0x0000000008000d5c                TIM8_BRK_TIM12_IRQHandler
                0x0000000008000d5c                Default_Handler
                0x0000000008000d5c                EXTI15_10_IRQHandler
                0x0000000008000d5c                ADC_IRQHandler
                0x0000000008000d5c                DMA1_Stream7_IRQHandler
                0x0000000008000d5c                SPI5_IRQHandler
                0x0000000008000d5c                TIM7_IRQHandler
                0x0000000008000d5c                CAN2_TX_IRQHandler
                0x0000000008000d5c                TIM5_IRQHandler
                0x0000000008000d5c                DMA2_Stream7_IRQHandler
                0x0000000008000d5c                I2C3_EV_IRQHandler
                0x0000000008000d5c                EXTI9_5_IRQHandler
                0x0000000008000d5c                RTC_WKUP_IRQHandler
                0x0000000008000d5c                LTDC_IRQHandler
                0x0000000008000d5c                ETH_WKUP_IRQHandler
                0x0000000008000d5c                SPI2_IRQHandler
                0x0000000008000d5c                OTG_HS_EP1_IN_IRQHandler
                0x0000000008000d5c                DMA1_Stream0_IRQHandler
                0x0000000008000d5c                CAN1_TX_IRQHandler
                0x0000000008000d5c                EXTI4_IRQHandler
                0x0000000008000d5c                ETH_IRQHandler
                0x0000000008000d5c                OTG_HS_EP1_OUT_IRQHandler
                0x0000000008000d5c                WWDG_IRQHandler
                0x0000000008000d5c                SPI6_IRQHandler
                0x0000000008000d5c                TIM2_IRQHandler
                0x0000000008000d5c                OTG_FS_WKUP_IRQHandler
                0x0000000008000d5c                TIM1_TRG_COM_TIM11_IRQHandler
                0x0000000008000d5c                OTG_HS_IRQHandler
                0x0000000008000d5c                DMA2D_IRQHandler
                0x0000000008000d5c                EXTI1_IRQHandler
                0x0000000008000d5c                UART7_IRQHandler
                0x0000000008000d5c                USART2_IRQHandler
                0x0000000008000d5c                I2C2_ER_IRQHandler
                0x0000000008000d5c                DMA2_Stream1_IRQHandler
                0x0000000008000d5c                CAN1_SCE_IRQHandler
                0x0000000008000d5c                FLASH_IRQHandler
                0x0000000008000d5c                DMA2_Stream4_IRQHandler
                0x0000000008000d5c                USART1_IRQHandler
                0x0000000008000d5c                OTG_FS_IRQHandler
                0x0000000008000d5c                SPI3_IRQHandler
                0x0000000008000d5c                DMA1_Stream4_IRQHandler
                0x0000000008000d5c                I2C1_ER_IRQHandler
                0x0000000008000d5c                FMC_IRQHandler
                0x0000000008000d5c                DMA2_Stream6_IRQHandler
                0x0000000008000d5c                SAI1_IRQHandler
                0x0000000008000d5c                DMA1_Stream3_IRQHandler
 *fill*         0x0000000008000d5e        0x2 
 .text.print_result
                0x0000000008000d60      0x140 ./src/main.o
                0x0000000008000d60                print_result
 .text.plus     0x0000000008000ea0      0x108 ./src/main.o
                0x0000000008000ea0                plus
 .text.minus    0x0000000008000fa8      0x100 ./src/main.o
                0x0000000008000fa8                minus
 .text.multi    0x00000000080010a8       0x68 ./src/main.o
                0x00000000080010a8                multi
 .text.dev      0x0000000008001110       0x34 ./src/main.o
                0x0000000008001110                dev
 .text.removeChar
                0x0000000008001144       0x1a ./src/main.o
                0x0000000008001144                removeChar
 .text.removeLeft
                0x000000000800115e       0x2c ./src/main.o
                0x000000000800115e                removeLeft
 .text.Error_Handler
                0x000000000800118a        0x4 ./src/main.o
                0x000000000800118a                Error_Handler
 *fill*         0x000000000800118e        0x2 
 .text.SystemClock_Config
                0x0000000008001190       0x90 ./src/main.o
                0x0000000008001190                SystemClock_Config
 .text.main     0x0000000008001220      0x128 ./src/main.o
                0x0000000008001220                main
 .text.HAL_MspInit
                0x0000000008001348       0x38 ./src/stm32f4xx_hal_msp.o
                0x0000000008001348                HAL_MspInit
 .text.NMI_Handler
                0x0000000008001380        0x2 ./src/stm32f4xx_it.o
                0x0000000008001380                NMI_Handler
 .text.HardFault_Handler
                0x0000000008001382        0x2 ./src/stm32f4xx_it.o
                0x0000000008001382                HardFault_Handler
 .text.MemManage_Handler
                0x0000000008001384        0x2 ./src/stm32f4xx_it.o
                0x0000000008001384                MemManage_Handler
 .text.BusFault_Handler
                0x0000000008001386        0x2 ./src/stm32f4xx_it.o
                0x0000000008001386                BusFault_Handler
 .text.UsageFault_Handler
                0x0000000008001388        0x2 ./src/stm32f4xx_it.o
                0x0000000008001388                UsageFault_Handler
 .text.SVC_Handler
                0x000000000800138a        0x2 ./src/stm32f4xx_it.o
                0x000000000800138a                SVC_Handler
 .text.DebugMon_Handler
                0x000000000800138c        0x2 ./src/stm32f4xx_it.o
                0x000000000800138c                DebugMon_Handler
 .text.PendSV_Handler
                0x000000000800138e        0x2 ./src/stm32f4xx_it.o
                0x000000000800138e                PendSV_Handler
 .text.SysTick_Handler
                0x0000000008001390        0x8 ./src/stm32f4xx_it.o
                0x0000000008001390                SysTick_Handler
 .text._kill    0x0000000008001398       0x10 ./src/syscalls.o
                0x0000000008001398                _kill
 .text._exit    0x00000000080013a8        0xc ./src/syscalls.o
                0x00000000080013a8                _exit
 .text._sbrk    0x00000000080013b4       0x3c ./src/syscalls.o
                0x00000000080013b4                _sbrk
 .text.SystemInit
                0x00000000080013f0        0x2 ./src/system_stm32f4xx.o
                0x00000000080013f0                SystemInit
 *fill*         0x00000000080013f2        0x2 
 .text.SystemCoreClockUpdate
                0x00000000080013f4       0xa0 ./src/system_stm32f4xx.o
                0x00000000080013f4                SystemCoreClockUpdate
 *fill*         0x0000000008001494        0x4 
 .text.floor    0x0000000008001498       0xf8 /usr/lib/gcc/arm-none-eabi/10.2.0/../../../../arm-none-eabi/lib/thumb/v7e-m/nofp/libm.a(lib_a-s_floor.o)
                0x0000000008001498                floor
 .text.log10    0x0000000008001590       0x68 /usr/lib/gcc/arm-none-eabi/10.2.0/../../../../arm-none-eabi/lib/thumb/v7e-m/nofp/libm.a(lib_a-w_log10.o)
                0x0000000008001590                log10
 .text.pow      0x00000000080015f8       0xdc /usr/lib/gcc/arm-none-eabi/10.2.0/../../../../arm-none-eabi/lib/thumb/v7e-m/nofp/libm.a(lib_a-w_pow.o)
                0x00000000080015f8                pow
 *fill*         0x00000000080016d4        0x4 
 .text.__ieee754_log10
                0x00000000080016d8      0x114 /usr/lib/gcc/arm-none-eabi/10.2.0/../../../../arm-none-eabi/lib/thumb/v7e-m/nofp/libm.a(lib_a-e_log10.o)
                0x00000000080016d8                __ieee754_log10
 *fill*         0x00000000080017ec        0x4 
 .text.__ieee754_log
                0x00000000080017f0      0x394 /usr/lib/gcc/arm-none-eabi/10.2.0/../../../../arm-none-eabi/lib/thumb/v7e-m/nofp/libm.a(lib_a-e_log.o)
                0x00000000080017f0                __ieee754_log
 *fill*         0x0000000008001b84        0x4 
 .text.__ieee754_pow
                0x0000000008001b88      0xad8 /usr/lib/gcc/arm-none-eabi/10.2.0/../../../../arm-none-eabi/lib/thumb/v7e-m/nofp/libm.a(lib_a-e_pow.o)
                0x0000000008001b88                __ieee754_pow
 .text.__ieee754_sqrt
                0x0000000008002660      0x184 /usr/lib/gcc/arm-none-eabi/10.2.0/../../../../arm-none-eabi/lib/thumb/v7e-m/nofp/libm.a(lib_a-e_sqrt.o)
                0x0000000008002660                __ieee754_sqrt
 .text.with_errno
                0x00000000080027e4       0x18 /usr/lib/gcc/arm-none-eabi/10.2.0/../../../../arm-none-eabi/lib/thumb/v7e-m/nofp/libm.a(lib_a-math_err.o)
 .text.xflow    0x00000000080027fc       0x30 /usr/lib/gcc/arm-none-eabi/10.2.0/../../../../arm-none-eabi/lib/thumb/v7e-m/nofp/libm.a(lib_a-math_err.o)
 .text.__math_uflow
                0x000000000800282c        0xc /usr/lib/gcc/arm-none-eabi/10.2.0/../../../../arm-none-eabi/lib/thumb/v7e-m/nofp/libm.a(lib_a-math_err.o)
                0x000000000800282c                __math_uflow
 .text.__math_oflow
                0x0000000008002838        0xc /usr/lib/gcc/arm-none-eabi/10.2.0/../../../../arm-none-eabi/lib/thumb/v7e-m/nofp/libm.a(lib_a-math_err.o)
                0x0000000008002838                __math_oflow
 .text.fabs     0x0000000008002844        0x8 /usr/lib/gcc/arm-none-eabi/10.2.0/../../../../arm-none-eabi/lib/thumb/v7e-m/nofp/libm.a(lib_a-s_fabs.o)
                0x0000000008002844                fabs
 .text.finite   0x000000000800284c        0xc /usr/lib/gcc/arm-none-eabi/10.2.0/../../../../arm-none-eabi/lib/thumb/v7e-m/nofp/libm.a(lib_a-s_finite.o)
                0x000000000800284c                finite
 .text.nan      0x0000000008002858        0xc /usr/lib/gcc/arm-none-eabi/10.2.0/../../../../arm-none-eabi/lib/thumb/v7e-m/nofp/libm.a(lib_a-s_nan.o)
                0x0000000008002858                nan
 *fill*         0x0000000008002864        0x4 
 .text.scalbn   0x0000000008002868       0xf4 /usr/lib/gcc/arm-none-eabi/10.2.0/../../../../arm-none-eabi/lib/thumb/v7e-m/nofp/libm.a(lib_a-s_scalbn.o)
                0x0000000008002868                scalbn
 .text          0x000000000800295c      0x378 /usr/lib/gcc/arm-none-eabi/10.2.0/thumb/v7e-m/nofp/libgcc.a(_arm_addsubdf3.o)
                0x000000000800295c                __aeabi_drsub
                0x0000000008002964                __aeabi_dsub
                0x0000000008002964                __subdf3
                0x0000000008002968                __adddf3
                0x0000000008002968                __aeabi_dadd
                0x0000000008002be0                __aeabi_ui2d
                0x0000000008002be0                __floatunsidf
                0x0000000008002c00                __floatsidf
                0x0000000008002c00                __aeabi_i2d
                0x0000000008002c24                __extendsfdf2
                0x0000000008002c24                __aeabi_f2d
                0x0000000008002c68                __aeabi_ul2d
                0x0000000008002c68                __floatundidf
                0x0000000008002c78                __floatdidf
                0x0000000008002c78                __aeabi_l2d
 .text          0x0000000008002cd4      0x424 /usr/lib/gcc/arm-none-eabi/10.2.0/thumb/v7e-m/nofp/libgcc.a(_arm_muldivdf3.o)
                0x0000000008002cd4                __aeabi_dmul
                0x0000000008002cd4                __muldf3
                0x0000000008002f28                __aeabi_ddiv
                0x0000000008002f28                __divdf3
 .text          0x00000000080030f8      0x110 /usr/lib/gcc/arm-none-eabi/10.2.0/thumb/v7e-m/nofp/libgcc.a(_arm_cmpdf2.o)
                0x00000000080030f8                __gtdf2
                0x00000000080030f8                __gedf2
                0x0000000008003100                __ltdf2
                0x0000000008003100                __ledf2
                0x0000000008003108                __cmpdf2
                0x0000000008003108                __eqdf2
                0x0000000008003108                __nedf2
                0x0000000008003184                __aeabi_cdrcmple
                0x0000000008003194                __aeabi_cdcmple
                0x0000000008003194                __aeabi_cdcmpeq
                0x00000000080031a4                __aeabi_dcmpeq
                0x00000000080031b8                __aeabi_dcmplt
                0x00000000080031cc                __aeabi_dcmple
                0x00000000080031e0                __aeabi_dcmpge
                0x00000000080031f4                __aeabi_dcmpgt
 .text          0x0000000008003208       0x2c /usr/lib/gcc/arm-none-eabi/10.2.0/thumb/v7e-m/nofp/libgcc.a(_arm_unorddf2.o)
                0x0000000008003208                __aeabi_dcmpun
                0x0000000008003208                __unorddf2
 .text          0x0000000008003234       0x50 /usr/lib/gcc/arm-none-eabi/10.2.0/thumb/v7e-m/nofp/libgcc.a(_arm_fixdfsi.o)
                0x0000000008003234                __fixdfsi
                0x0000000008003234                __aeabi_d2iz
 .text          0x0000000008003284       0x30 /usr/lib/gcc/arm-none-eabi/10.2.0/thumb/v7e-m/nofp/libgcc.a(_aeabi_uldivmod.o)
                0x0000000008003284                __aeabi_uldivmod
 .text.__udivmoddi4
                0x00000000080032b4      0x2a6 /usr/lib/gcc/arm-none-eabi/10.2.0/thumb/v7e-m/nofp/libgcc.a(_udivmoddi4.o)
                0x00000000080032b4                __udivmoddi4
 *fill*         0x000000000800355a        0x2 
 .text          0x000000000800355c        0x4 /usr/lib/gcc/arm-none-eabi/10.2.0/thumb/v7e-m/nofp/libgcc.a(_dvmd_tls.o)
                0x000000000800355c                __aeabi_ldiv0
                0x000000000800355c                __aeabi_idiv0
 .text.abs      0x0000000008003560        0x8 /usr/lib/gcc/arm-none-eabi/10.2.0/../../../../arm-none-eabi/lib/thumb/v7e-m/nofp/libg_nano.a(lib_a-abs.o)
                0x0000000008003560                abs
 .text.atoi     0x0000000008003568        0x8 /usr/lib/gcc/arm-none-eabi/10.2.0/../../../../arm-none-eabi/lib/thumb/v7e-m/nofp/libg_nano.a(lib_a-atoi.o)
                0x0000000008003568                atoi
 .text.__errno  0x0000000008003570        0xc /usr/lib/gcc/arm-none-eabi/10.2.0/../../../../arm-none-eabi/lib/thumb/v7e-m/nofp/libg_nano.a(lib_a-errno.o)
                0x0000000008003570                __errno
 .text.__itoa   0x000000000800357c       0x30 /usr/lib/gcc/arm-none-eabi/10.2.0/../../../../arm-none-eabi/lib/thumb/v7e-m/nofp/libg_nano.a(lib_a-itoa.o)
                0x000000000800357c                __itoa
 .text.itoa     0x00000000080035ac        0x4 /usr/lib/gcc/arm-none-eabi/10.2.0/../../../../arm-none-eabi/lib/thumb/v7e-m/nofp/libg_nano.a(lib_a-itoa.o)
                0x00000000080035ac                itoa
 .text.malloc   0x00000000080035b0       0x10 /usr/lib/gcc/arm-none-eabi/10.2.0/../../../../arm-none-eabi/lib/thumb/v7e-m/nofp/libg_nano.a(lib_a-malloc.o)
                0x00000000080035b0                malloc
 .text.memcpy   0x00000000080035c0       0x1c /usr/lib/gcc/arm-none-eabi/10.2.0/../../../../arm-none-eabi/lib/thumb/v7e-m/nofp/libg_nano.a(lib_a-memcpy-stub.o)
                0x00000000080035c0                memcpy
 .text.memset   0x00000000080035dc       0x10 /usr/lib/gcc/arm-none-eabi/10.2.0/../../../../arm-none-eabi/lib/thumb/v7e-m/nofp/libg_nano.a(lib_a-memset.o)
                0x00000000080035dc                memset
 .text._free_r  0x00000000080035ec       0x94 /usr/lib/gcc/arm-none-eabi/10.2.0/../../../../arm-none-eabi/lib/thumb/v7e-m/nofp/libg_nano.a(lib_a-nano-freer.o)
                0x00000000080035ec                _free_r
 .text._malloc_r
                0x0000000008003680       0xb4 /usr/lib/gcc/arm-none-eabi/10.2.0/../../../../arm-none-eabi/lib/thumb/v7e-m/nofp/libg_nano.a(lib_a-nano-mallocr.o)
                0x0000000008003680                _malloc_r
 .text._sbrk_r  0x0000000008003734       0x20 /usr/lib/gcc/arm-none-eabi/10.2.0/../../../../arm-none-eabi/lib/thumb/v7e-m/nofp/libg_nano.a(lib_a-sbrkr.o)
                0x0000000008003734                _sbrk_r
 .text.strcpy   0x0000000008003754       0x10 /usr/lib/gcc/arm-none-eabi/10.2.0/../../../../arm-none-eabi/lib/thumb/v7e-m/nofp/libg_nano.a(lib_a-strcpy.o)
                0x0000000008003754                strcpy
 .text          0x0000000008003764       0x10 /usr/lib/gcc/arm-none-eabi/10.2.0/../../../../arm-none-eabi/lib/thumb/v7e-m/nofp/libg_nano.a(lib_a-strlen.o)
                0x0000000008003764                strlen
 .text._strtol_l.constprop.0
                0x0000000008003774       0xf8 /usr/lib/gcc/arm-none-eabi/10.2.0/../../../../arm-none-eabi/lib/thumb/v7e-m/nofp/libg_nano.a(lib_a-strtol.o)
 .text.strtol   0x000000000800386c       0x14 /usr/lib/gcc/arm-none-eabi/10.2.0/../../../../arm-none-eabi/lib/thumb/v7e-m/nofp/libg_nano.a(lib_a-strtol.o)
                0x000000000800386c                strtol
 .text.__utoa   0x0000000008003880       0x84 /usr/lib/gcc/arm-none-eabi/10.2.0/../../../../arm-none-eabi/lib/thumb/v7e-m/nofp/libg_nano.a(lib_a-utoa.o)
                0x0000000008003880                __utoa
 .text._vsnprintf_r
                0x0000000008003904       0x56 /usr/lib/gcc/arm-none-eabi/10.2.0/../../../../arm-none-eabi/lib/thumb/v7e-m/nofp/libg_nano.a(lib_a-vsnprintf.o)
                0x0000000008003904                _vsnprintf_r
                0x0000000008003904                _vsniprintf_r
 *fill*         0x000000000800395a        0x2 
 .text.vsnprintf
                0x000000000800395c       0x1c /usr/lib/gcc/arm-none-eabi/10.2.0/../../../../arm-none-eabi/lib/thumb/v7e-m/nofp/libg_nano.a(lib_a-vsnprintf.o)
                0x000000000800395c                vsnprintf
                0x000000000800395c                vsniprintf
 .text.__malloc_lock
                0x0000000008003978        0xc /usr/lib/gcc/arm-none-eabi/10.2.0/../../../../arm-none-eabi/lib/thumb/v7e-m/nofp/libg_nano.a(lib_a-mlock.o)
                0x0000000008003978                __malloc_lock
 .text.__malloc_unlock
                0x0000000008003984        0xc /usr/lib/gcc/arm-none-eabi/10.2.0/../../../../arm-none-eabi/lib/thumb/v7e-m/nofp/libg_nano.a(lib_a-mlock.o)
                0x0000000008003984                __malloc_unlock
 .text.__ssputs_r
                0x0000000008003990       0xb6 /usr/lib/gcc/arm-none-eabi/10.2.0/../../../../arm-none-eabi/lib/thumb/v7e-m/nofp/libg_nano.a(lib_a-nano-svfprintf.o)
                0x0000000008003990                __ssputs_r
 *fill*         0x0000000008003a46        0x2 
 .text._svfprintf_r
                0x0000000008003a48      0x200 /usr/lib/gcc/arm-none-eabi/10.2.0/../../../../arm-none-eabi/lib/thumb/v7e-m/nofp/libg_nano.a(lib_a-nano-svfprintf.o)
                0x0000000008003a48                _svfprintf_r
                0x0000000008003a48                _svfiprintf_r
 .text._printf_common
                0x0000000008003c48       0xda /usr/lib/gcc/arm-none-eabi/10.2.0/../../../../arm-none-eabi/lib/thumb/v7e-m/nofp/libg_nano.a(lib_a-nano-vfprintf_i.o)
                0x0000000008003c48                _printf_common
 *fill*         0x0000000008003d22        0x2 
 .text._printf_i
                0x0000000008003d24      0x24c /usr/lib/gcc/arm-none-eabi/10.2.0/../../../../arm-none-eabi/lib/thumb/v7e-m/nofp/libg_nano.a(lib_a-nano-vfprintf_i.o)
                0x0000000008003d24                _printf_i
 .text.__retarget_lock_acquire_recursive
                0x0000000008003f70        0x2 /usr/lib/gcc/arm-none-eabi/10.2.0/../../../../arm-none-eabi/lib/thumb/v7e-m/nofp/libg_nano.a(lib_a-lock.o)
                0x0000000008003f70                __retarget_lock_acquire_recursive
 .text.__retarget_lock_release_recursive
                0x0000000008003f72        0x2 /usr/lib/gcc/arm-none-eabi/10.2.0/../../../../arm-none-eabi/lib/thumb/v7e-m/nofp/libg_nano.a(lib_a-lock.o)
                0x0000000008003f72                __retarget_lock_release_recursive
 *fill*         0x0000000008003f74        0xc 
 .text          0x0000000008003f80       0xa0 /usr/lib/gcc/arm-none-eabi/10.2.0/../../../../arm-none-eabi/lib/thumb/v7e-m/nofp/libg_nano.a(lib_a-memchr.o)
                0x0000000008003f80                memchr
 .text.memmove  0x0000000008004020       0x34 /usr/lib/gcc/arm-none-eabi/10.2.0/../../../../arm-none-eabi/lib/thumb/v7e-m/nofp/libg_nano.a(lib_a-memmove.o)
                0x0000000008004020                memmove
 .text._realloc_r
                0x0000000008004054       0x5e /usr/lib/gcc/arm-none-eabi/10.2.0/../../../../arm-none-eabi/lib/thumb/v7e-m/nofp/libg_nano.a(lib_a-nano-reallocr.o)
                0x0000000008004054                _realloc_r
 .text._malloc_usable_size_r
                0x00000000080040b2       0x10 /usr/lib/gcc/arm-none-eabi/10.2.0/../../../../arm-none-eabi/lib/thumb/v7e-m/nofp/libg_nano.a(lib_a-nano-msizer.o)
                0x00000000080040b2                _malloc_usable_size_r
 *(.rodata .rodata.* .constdata .constdata.*)
 *fill*         0x00000000080040c2        0x2 
 .rodata.dumpExceptionStack.str1.4
                0x00000000080040c4      0x11a ./system/src/cortexm/exception_handlers.o
 *fill*         0x00000000080041de        0x2 
 .rodata.str1.4
                0x00000000080041e0       0x2a ./system/src/cortexm/exception_handlers.o
 *fill*         0x000000000800420a        0x2 
 .rodata.print_result.str1.4
                0x000000000800420c        0xc ./src/main.o
                                         0x10 (size before relaxing)
 .rodata.plus.str1.4
                0x0000000008004218        0x6 ./src/main.o
                                         0x12 (size before relaxing)
 *fill*         0x000000000800421e        0x2 
 .rodata.multi.str1.4
                0x0000000008004220       0x19 ./src/main.o
 *fill*         0x0000000008004239        0x3 
 .rodata.dev.str1.4
                0x000000000800423c        0xb ./src/main.o
 *fill*         0x0000000008004247        0x1 
 .rodata.main.str1.4
                0x0000000008004248       0x4a ./src/main.o
 *fill*         0x0000000008004292        0x2 
 .rodata.AHBPrescTable
                0x0000000008004294       0x10 ./src/system_stm32f4xx.o
                0x0000000008004294                AHBPrescTable
 .rodata.log10.str1.4
                0x00000000080042a4       0x4a /usr/lib/gcc/arm-none-eabi/10.2.0/../../../../arm-none-eabi/lib/thumb/v7e-m/nofp/libm.a(lib_a-w_log10.o)
                                          0x1 (size before relaxing)
 .rodata.__utoa.str1.1
                0x00000000080042a4       0x25 /usr/lib/gcc/arm-none-eabi/10.2.0/../../../../arm-none-eabi/lib/thumb/v7e-m/nofp/libg_nano.a(lib_a-utoa.o)
 .rodata._ctype_
                0x00000000080042c9      0x101 /usr/lib/gcc/arm-none-eabi/10.2.0/../../../../arm-none-eabi/lib/thumb/v7e-m/nofp/libg_nano.a(lib_a-ctype_.o)
                0x00000000080042c9                _ctype_
 .rodata._svfprintf_r.str1.1
                0x00000000080043ca       0x11 /usr/lib/gcc/arm-none-eabi/10.2.0/../../../../arm-none-eabi/lib/thumb/v7e-m/nofp/libg_nano.a(lib_a-nano-svfprintf.o)
 .rodata._printf_i.str1.1
                0x00000000080043db       0x22 /usr/lib/gcc/arm-none-eabi/10.2.0/../../../../arm-none-eabi/lib/thumb/v7e-m/nofp/libg_nano.a(lib_a-nano-vfprintf_i.o)
 *(vtable)
 *(.eh_frame*)
 *(.glue_7)
 .glue_7        0x00000000080043fd        0x0 linker stubs
 *(.glue_7t)
 .glue_7t       0x00000000080043fd        0x0 linker stubs

.vfp11_veneer   0x0000000008004400        0x0
 .vfp11_veneer  0x0000000008004400        0x0 linker stubs

.v4_bx          0x0000000008004400        0x0
 .v4_bx         0x0000000008004400        0x0 linker stubs

.iplt           0x0000000008004400        0x0
 .iplt          0x0000000008004400        0x0 ./system/src/newlib/_startup.o

.ARM.extab
 *(.ARM.extab* .gnu.linkonce.armextab.*)
                0x0000000008004400                . = ALIGN (0x4)
                0x0000000008004400                __exidx_start = .

.ARM.exidx      0x0000000008004400        0x8
 *(.ARM.exidx* .gnu.linkonce.armexidx.*)
 .ARM.exidx.text.__udivmoddi4
                0x0000000008004400        0x8 /usr/lib/gcc/arm-none-eabi/10.2.0/thumb/v7e-m/nofp/libgcc.a(_udivmoddi4.o)
                0x0000000008004408                __exidx_end = .

.rel.dyn        0x0000000008004408        0x0
 .rel.iplt      0x0000000008004408        0x0 ./system/src/newlib/_startup.o
                0x0000000008004408                . = ALIGN (0x4)
                0x0000000008004408                _etext = .
                0x0000000008004408                __etext = .

.data_CCMRAM    0x0000000010000000        0x0 load address 0x0000000008004408
 FILL mask 0xff
 *(.data.CCMRAM .data.CCMRAM.*)
                0x0000000010000000                . = ALIGN (0x4)
                0x0000000008004408                _sidata = LOADADDR (.data)

.data           0x0000000020000000       0x80 load address 0x0000000008004408
 FILL mask 0xff
                0x0000000020000000                _sdata = .
                0x0000000020000000                __data_start__ = .
 *(.data_begin .data_begin.*)
 .data_begin    0x0000000020000000        0x4 ./system/src/newlib/_startup.o
 *(.data .data.*)
 .data.argv.1   0x0000000020000004        0x8 ./system/src/newlib/_syscalls.o
 .data.uwTickFreq
                0x000000002000000c        0x1 ./system/src/hal/stm32f4xx_hal.o
                0x000000002000000c                uwTickFreq
 *fill*         0x000000002000000d        0x3 ff
 .data.uwTickPrio
                0x0000000020000010        0x4 ./system/src/hal/stm32f4xx_hal.o
                0x0000000020000010                uwTickPrio
 .data.SystemCoreClock
                0x0000000020000014        0x4 ./src/system_stm32f4xx.o
                0x0000000020000014                SystemCoreClock
 .data._impure_ptr
                0x0000000020000018        0x4 /usr/lib/gcc/arm-none-eabi/10.2.0/../../../../arm-none-eabi/lib/thumb/v7e-m/nofp/libg_nano.a(lib_a-impure.o)
                0x0000000020000018                _impure_ptr
 .data.impure_data
                0x000000002000001c       0x60 /usr/lib/gcc/arm-none-eabi/10.2.0/../../../../arm-none-eabi/lib/thumb/v7e-m/nofp/libg_nano.a(lib_a-impure.o)
 *(.data_end .data_end.*)
 .data_end      0x000000002000007c        0x4 ./system/src/newlib/_startup.o
                0x0000000020000080                . = ALIGN (0x4)
                0x0000000020000080                _edata = .
                0x0000000020000080                __data_end__ = .

.igot.plt       0x0000000020000080        0x0 load address 0x0000000008004488
 .igot.plt      0x0000000020000080        0x0 ./system/src/newlib/_startup.o

.bss_CCMRAM     0x0000000010000000        0x0
 *(.bss.CCMRAM .bss.CCMRAM.*)

.bss            0x0000000020000080       0xa4
                0x0000000020000080                __bss_start__ = .
                0x0000000020000080                _sbss = .
 *(.bss_begin .bss_begin.*)
 .bss_begin     0x0000000020000080        0x4 ./system/src/newlib/_startup.o
 *(.bss .bss.*)
 .bss.errno     0x0000000020000084        0x4 ./system/src/newlib/_syscalls.o
                0x0000000020000084                errno
 .bss.name.0    0x0000000020000088        0x1 ./system/src/newlib/_syscalls.o
 *fill*         0x0000000020000089        0x3 
 .bss.uwTick    0x000000002000008c        0x4 ./system/src/hal/stm32f4xx_hal.o
                0x000000002000008c                uwTick
 .bss.buf.0     0x0000000020000090       0x80 ./system/src/diag/Trace.o
 .bss.heap_end.0
                0x0000000020000110        0x4 ./src/syscalls.o
 .bss.__malloc_free_list
                0x0000000020000114        0x4 /usr/lib/gcc/arm-none-eabi/10.2.0/../../../../arm-none-eabi/lib/thumb/v7e-m/nofp/libg_nano.a(lib_a-nano-mallocr.o)
                0x0000000020000114                __malloc_free_list
 .bss.__malloc_sbrk_start
                0x0000000020000118        0x4 /usr/lib/gcc/arm-none-eabi/10.2.0/../../../../arm-none-eabi/lib/thumb/v7e-m/nofp/libg_nano.a(lib_a-nano-mallocr.o)
                0x0000000020000118                __malloc_sbrk_start
 .bss.__lock___malloc_recursive_mutex
                0x000000002000011c        0x1 /usr/lib/gcc/arm-none-eabi/10.2.0/../../../../arm-none-eabi/lib/thumb/v7e-m/nofp/libg_nano.a(lib_a-lock.o)
                0x000000002000011c                __lock___malloc_recursive_mutex
 *(COMMON)
 *(.bss_end .bss_end.*)
 *fill*         0x000000002000011d        0x3 
 .bss_end       0x0000000020000120        0x4 ./system/src/newlib/_startup.o
                0x0000000020000124                . = ALIGN (0x4)
                0x0000000020000124                __bss_end__ = .
                0x0000000020000124                _ebss = .

.noinit_CCMRAM
 *(.noinit.CCMRAM .noinit.CCMRAM.*)

.noinit         0x0000000020000124        0x0
                0x0000000020000124                _noinit = .
 *(.noinit .noinit.*)
                0x0000000020000124                . = ALIGN (0x4)
                0x0000000020000124                _end_noinit = .
                0x0000000020000124                PROVIDE (end = _end_noinit)
                [!provide]                        PROVIDE (_end = _end_noinit)
                [!provide]                        PROVIDE (__end = _end_noinit)
                [!provide]                        PROVIDE (__end__ = _end_noinit)

._check_stack   0x0000000020000124      0x100
                0x0000000020000224                . = (. + _Minimum_Stack_Size)
 *fill*         0x0000000020000124      0x100 

.b1text
 *(.b1text)
 *(.b1rodata)
 *(.b1rodata.*)

.eb0text
 *(.eb0text)
 *(.eb0rodata)
 *(.eb0rodata.*)

.eb1text
 *(.eb1text)
 *(.eb1rodata)
 *(.eb1rodata.*)

.eb2text
 *(.eb2text)
 *(.eb2rodata)
 *(.eb2rodata.*)

.eb3text
 *(.eb3text)
 *(.eb3rodata)
 *(.eb3rodata.*)

.stab
 *(.stab)

.stabstr
 *(.stabstr)

.stab.excl
 *(.stab.excl)

.stab.exclstr
 *(.stab.exclstr)

.stab.index
 *(.stab.index)

.stab.indexstr
 *(.stab.indexstr)

.comment        0x0000000000000000       0x1e
 *(.comment)
 .comment       0x0000000000000000       0x1e ./system/src/newlib/_startup.o
                                         0x1f (size before relaxing)
 .comment       0x000000000000001e       0x1f ./system/src/newlib/_syscalls.o
 .comment       0x000000000000001e       0x1f ./system/src/hal/stm32f4xx_hal.o
 .comment       0x000000000000001e       0x1f ./system/src/hal/stm32f4xx_hal_cortex.o
 .comment       0x000000000000001e       0x1f ./system/src/hal/stm32f4xx_hal_rcc.o
 .comment       0x000000000000001e       0x1f ./system/src/diag/Trace.o
 .comment       0x000000000000001e       0x1f ./system/src/diag/trace_impl.o
 .comment       0x000000000000001e       0x1f ./system/src/cortexm/_initialize_hardware.o
 .comment       0x000000000000001e       0x1f ./system/src/cortexm/exception_handlers.o
 .comment       0x000000000000001e       0x1f ./src/main.o
 .comment       0x000000000000001e       0x1f ./src/stm32f4xx_hal_msp.o
 .comment       0x000000000000001e       0x1f ./src/stm32f4xx_it.o
 .comment       0x000000000000001e       0x1f ./src/syscalls.o
 .comment       0x000000000000001e       0x1f ./src/system_stm32f4xx.o

.ARM.attributes
                0x0000000000000000       0x2c
 .ARM.attributes
                0x0000000000000000       0x2e ./system/src/newlib/_startup.o
 .ARM.attributes
                0x000000000000002e       0x2e ./system/src/newlib/_syscalls.o
 .ARM.attributes
                0x000000000000005c       0x2e ./system/src/hal/stm32f4xx_hal.o
 .ARM.attributes
                0x000000000000008a       0x2e ./system/src/hal/stm32f4xx_hal_cortex.o
 .ARM.attributes
                0x00000000000000b8       0x2e ./system/src/hal/stm32f4xx_hal_rcc.o
 .ARM.attributes
                0x00000000000000e6       0x2e ./system/src/diag/Trace.o
 .ARM.attributes
                0x0000000000000114       0x2e ./system/src/diag/trace_impl.o
 .ARM.attributes
                0x0000000000000142       0x2e ./system/src/cortexm/_initialize_hardware.o
 .ARM.attributes
                0x0000000000000170       0x2e ./system/src/cortexm/exception_handlers.o
 .ARM.attributes
                0x000000000000019e       0x21 ./system/src/cmsis/startup_stm32f429xx.o
 .ARM.attributes
                0x00000000000001bf       0x2e ./src/main.o
 .ARM.attributes
                0x00000000000001ed       0x2e ./src/stm32f4xx_hal_msp.o
 .ARM.attributes
                0x000000000000021b       0x2e ./src/stm32f4xx_it.o
 .ARM.attributes
                0x0000000000000249       0x2e ./src/syscalls.o
 .ARM.attributes
                0x0000000000000277       0x2e ./src/system_stm32f4xx.o
 .ARM.attributes
                0x00000000000002a5       0x2e /usr/lib/gcc/arm-none-eabi/10.2.0/../../../../arm-none-eabi/lib/thumb/v7e-m/nofp/libm.a(lib_a-s_floor.o)
 .ARM.attributes
                0x00000000000002d3       0x2e /usr/lib/gcc/arm-none-eabi/10.2.0/../../../../arm-none-eabi/lib/thumb/v7e-m/nofp/libm.a(lib_a-w_log10.o)
 .ARM.attributes
                0x0000000000000301       0x2e /usr/lib/gcc/arm-none-eabi/10.2.0/../../../../arm-none-eabi/lib/thumb/v7e-m/nofp/libm.a(lib_a-w_pow.o)
 .ARM.attributes
                0x000000000000032f       0x2e /usr/lib/gcc/arm-none-eabi/10.2.0/../../../../arm-none-eabi/lib/thumb/v7e-m/nofp/libm.a(lib_a-e_log10.o)
 .ARM.attributes
                0x000000000000035d       0x2e /usr/lib/gcc/arm-none-eabi/10.2.0/../../../../arm-none-eabi/lib/thumb/v7e-m/nofp/libm.a(lib_a-e_log.o)
 .ARM.attributes
                0x000000000000038b       0x2e /usr/lib/gcc/arm-none-eabi/10.2.0/../../../../arm-none-eabi/lib/thumb/v7e-m/nofp/libm.a(lib_a-e_pow.o)
 .ARM.attributes
                0x00000000000003b9       0x2e /usr/lib/gcc/arm-none-eabi/10.2.0/../../../../arm-none-eabi/lib/thumb/v7e-m/nofp/libm.a(lib_a-e_sqrt.o)
 .ARM.attributes
                0x00000000000003e7       0x2e /usr/lib/gcc/arm-none-eabi/10.2.0/../../../../arm-none-eabi/lib/thumb/v7e-m/nofp/libm.a(lib_a-math_err.o)
 .ARM.attributes
                0x0000000000000415       0x2e /usr/lib/gcc/arm-none-eabi/10.2.0/../../../../arm-none-eabi/lib/thumb/v7e-m/nofp/libm.a(lib_a-s_fabs.o)
 .ARM.attributes
                0x0000000000000443       0x2e /usr/lib/gcc/arm-none-eabi/10.2.0/../../../../arm-none-eabi/lib/thumb/v7e-m/nofp/libm.a(lib_a-s_finite.o)
 .ARM.attributes
                0x0000000000000471       0x2e /usr/lib/gcc/arm-none-eabi/10.2.0/../../../../arm-none-eabi/lib/thumb/v7e-m/nofp/libm.a(lib_a-s_nan.o)
 .ARM.attributes
                0x000000000000049f       0x2e /usr/lib/gcc/arm-none-eabi/10.2.0/../../../../arm-none-eabi/lib/thumb/v7e-m/nofp/libm.a(lib_a-s_scalbn.o)
 .ARM.attributes
                0x00000000000004cd       0x1e /usr/lib/gcc/arm-none-eabi/10.2.0/thumb/v7e-m/nofp/libgcc.a(_arm_addsubdf3.o)
 .ARM.attributes
                0x00000000000004eb       0x1e /usr/lib/gcc/arm-none-eabi/10.2.0/thumb/v7e-m/nofp/libgcc.a(_arm_muldivdf3.o)
 .ARM.attributes
                0x0000000000000509       0x1e /usr/lib/gcc/arm-none-eabi/10.2.0/thumb/v7e-m/nofp/libgcc.a(_arm_cmpdf2.o)
 .ARM.attributes
                0x0000000000000527       0x1e /usr/lib/gcc/arm-none-eabi/10.2.0/thumb/v7e-m/nofp/libgcc.a(_arm_unorddf2.o)
 .ARM.attributes
                0x0000000000000545       0x1e /usr/lib/gcc/arm-none-eabi/10.2.0/thumb/v7e-m/nofp/libgcc.a(_arm_fixdfsi.o)
 .ARM.attributes
                0x0000000000000563       0x1e /usr/lib/gcc/arm-none-eabi/10.2.0/thumb/v7e-m/nofp/libgcc.a(_aeabi_uldivmod.o)
 .ARM.attributes
                0x0000000000000581       0x2e /usr/lib/gcc/arm-none-eabi/10.2.0/thumb/v7e-m/nofp/libgcc.a(_udivmoddi4.o)
 .ARM.attributes
                0x00000000000005af       0x1e /usr/lib/gcc/arm-none-eabi/10.2.0/thumb/v7e-m/nofp/libgcc.a(_dvmd_tls.o)
 .ARM.attributes
                0x00000000000005cd       0x2e /usr/lib/gcc/arm-none-eabi/10.2.0/../../../../arm-none-eabi/lib/thumb/v7e-m/nofp/libg_nano.a(lib_a-abs.o)
 .ARM.attributes
                0x00000000000005fb       0x2e /usr/lib/gcc/arm-none-eabi/10.2.0/../../../../arm-none-eabi/lib/thumb/v7e-m/nofp/libg_nano.a(lib_a-atoi.o)
 .ARM.attributes
                0x0000000000000629       0x2e /usr/lib/gcc/arm-none-eabi/10.2.0/../../../../arm-none-eabi/lib/thumb/v7e-m/nofp/libg_nano.a(lib_a-errno.o)
 .ARM.attributes
                0x0000000000000657       0x2e /usr/lib/gcc/arm-none-eabi/10.2.0/../../../../arm-none-eabi/lib/thumb/v7e-m/nofp/libg_nano.a(lib_a-impure.o)
 .ARM.attributes
                0x0000000000000685       0x2e /usr/lib/gcc/arm-none-eabi/10.2.0/../../../../arm-none-eabi/lib/thumb/v7e-m/nofp/libg_nano.a(lib_a-itoa.o)
 .ARM.attributes
                0x00000000000006b3       0x2e /usr/lib/gcc/arm-none-eabi/10.2.0/../../../../arm-none-eabi/lib/thumb/v7e-m/nofp/libg_nano.a(lib_a-malloc.o)
 .ARM.attributes
                0x00000000000006e1       0x2e /usr/lib/gcc/arm-none-eabi/10.2.0/../../../../arm-none-eabi/lib/thumb/v7e-m/nofp/libg_nano.a(lib_a-memcpy-stub.o)
 .ARM.attributes
                0x000000000000070f       0x2e /usr/lib/gcc/arm-none-eabi/10.2.0/../../../../arm-none-eabi/lib/thumb/v7e-m/nofp/libg_nano.a(lib_a-memset.o)
 .ARM.attributes
                0x000000000000073d       0x2e /usr/lib/gcc/arm-none-eabi/10.2.0/../../../../arm-none-eabi/lib/thumb/v7e-m/nofp/libg_nano.a(lib_a-nano-freer.o)
 .ARM.attributes
                0x000000000000076b       0x2e /usr/lib/gcc/arm-none-eabi/10.2.0/../../../../arm-none-eabi/lib/thumb/v7e-m/nofp/libg_nano.a(lib_a-nano-mallocr.o)
 .ARM.attributes
                0x0000000000000799       0x2e /usr/lib/gcc/arm-none-eabi/10.2.0/../../../../arm-none-eabi/lib/thumb/v7e-m/nofp/libg_nano.a(lib_a-sbrkr.o)
 .ARM.attributes
                0x00000000000007c7       0x2e /usr/lib/gcc/arm-none-eabi/10.2.0/../../../../arm-none-eabi/lib/thumb/v7e-m/nofp/libg_nano.a(lib_a-strcpy.o)
 .ARM.attributes
                0x00000000000007f5       0x17 /usr/lib/gcc/arm-none-eabi/10.2.0/../../../../arm-none-eabi/lib/thumb/v7e-m/nofp/libg_nano.a(lib_a-strlen.o)
 .ARM.attributes
                0x000000000000080c       0x2e /usr/lib/gcc/arm-none-eabi/10.2.0/../../../../arm-none-eabi/lib/thumb/v7e-m/nofp/libg_nano.a(lib_a-strtol.o)
 .ARM.attributes
                0x000000000000083a       0x2e /usr/lib/gcc/arm-none-eabi/10.2.0/../../../../arm-none-eabi/lib/thumb/v7e-m/nofp/libg_nano.a(lib_a-utoa.o)
 .ARM.attributes
                0x0000000000000868       0x2e /usr/lib/gcc/arm-none-eabi/10.2.0/../../../../arm-none-eabi/lib/thumb/v7e-m/nofp/libg_nano.a(lib_a-vsnprintf.o)
 .ARM.attributes
                0x0000000000000896       0x2e /usr/lib/gcc/arm-none-eabi/10.2.0/../../../../arm-none-eabi/lib/thumb/v7e-m/nofp/libg_nano.a(lib_a-ctype_.o)
 .ARM.attributes
                0x00000000000008c4       0x2e /usr/lib/gcc/arm-none-eabi/10.2.0/../../../../arm-none-eabi/lib/thumb/v7e-m/nofp/libg_nano.a(lib_a-mlock.o)
 .ARM.attributes
                0x00000000000008f2       0x2e /usr/lib/gcc/arm-none-eabi/10.2.0/../../../../arm-none-eabi/lib/thumb/v7e-m/nofp/libg_nano.a(lib_a-nano-svfprintf.o)
 .ARM.attributes
                0x0000000000000920       0x2e /usr/lib/gcc/arm-none-eabi/10.2.0/../../../../arm-none-eabi/lib/thumb/v7e-m/nofp/libg_nano.a(lib_a-nano-vfprintf_i.o)
 .ARM.attributes
                0x000000000000094e       0x2e /usr/lib/gcc/arm-none-eabi/10.2.0/../../../../arm-none-eabi/lib/thumb/v7e-m/nofp/libg_nano.a(lib_a-lock.o)
 .ARM.attributes
                0x000000000000097c       0x1c /usr/lib/gcc/arm-none-eabi/10.2.0/../../../../arm-none-eabi/lib/thumb/v7e-m/nofp/libg_nano.a(lib_a-memchr.o)
 .ARM.attributes
                0x0000000000000998       0x2e /usr/lib/gcc/arm-none-eabi/10.2.0/../../../../arm-none-eabi/lib/thumb/v7e-m/nofp/libg_nano.a(lib_a-memmove.o)
 .ARM.attributes
                0x00000000000009c6       0x2e /usr/lib/gcc/arm-none-eabi/10.2.0/../../../../arm-none-eabi/lib/thumb/v7e-m/nofp/libg_nano.a(lib_a-nano-reallocr.o)
 .ARM.attributes
                0x00000000000009f4       0x2e /usr/lib/gcc/arm-none-eabi/10.2.0/../../../../arm-none-eabi/lib/thumb/v7e-m/nofp/libg_nano.a(lib_a-nano-msizer.o)

.debug
 *(.debug)

.line
 *(.line)

.debug_srcinfo
 *(.debug_srcinfo)

.debug_sfnames
 *(.debug_sfnames)

.debug_aranges  0x0000000000000000      0x5a8
 *(.debug_aranges)
 .debug_aranges
                0x0000000000000000       0x40 ./system/src/newlib/_startup.o
 .debug_aranges
                0x0000000000000040       0x30 ./system/src/newlib/_syscalls.o
 .debug_aranges
                0x0000000000000070      0x100 ./system/src/hal/stm32f4xx_hal.o
 .debug_aranges
                0x0000000000000170       0xa8 ./system/src/hal/stm32f4xx_hal_cortex.o
 .debug_aranges
                0x0000000000000218       0x88 ./system/src/hal/stm32f4xx_hal_rcc.o
 .debug_aranges
                0x00000000000002a0       0x38 ./system/src/diag/Trace.o
 .debug_aranges
                0x00000000000002d8       0x30 ./system/src/diag/trace_impl.o
 .debug_aranges
                0x0000000000000308       0x28 ./system/src/cortexm/_initialize_hardware.o
 .debug_aranges
                0x0000000000000330       0x90 ./system/src/cortexm/exception_handlers.o
 .debug_aranges
                0x00000000000003c0       0x28 ./system/src/cmsis/startup_stm32f429xx.o
 .debug_aranges
                0x00000000000003e8       0x68 ./src/main.o
 .debug_aranges
                0x0000000000000450       0x20 ./src/stm32f4xx_hal_msp.o
 .debug_aranges
                0x0000000000000470       0x60 ./src/stm32f4xx_it.o
 .debug_aranges
                0x00000000000004d0       0xb0 ./src/syscalls.o
 .debug_aranges
                0x0000000000000580       0x28 ./src/system_stm32f4xx.o

.debug_pubnames
 *(.debug_pubnames)

.debug_info     0x0000000000000000     0x624a
 *(.debug_info .gnu.linkonce.wi.*)
 .debug_info    0x0000000000000000      0x4ae ./system/src/newlib/_startup.o
 .debug_info    0x00000000000004ae      0x1d5 ./system/src/newlib/_syscalls.o
 .debug_info    0x0000000000000683      0xa60 ./system/src/hal/stm32f4xx_hal.o
 .debug_info    0x00000000000010e3     0x10ae ./system/src/hal/stm32f4xx_hal_cortex.o
 .debug_info    0x0000000000002191      0xaf3 ./system/src/hal/stm32f4xx_hal_rcc.o
 .debug_info    0x0000000000002c84      0x30b ./system/src/diag/Trace.o
 .debug_info    0x0000000000002f8f      0x320 ./system/src/diag/trace_impl.o
 .debug_info    0x00000000000032af      0x2ac ./system/src/cortexm/_initialize_hardware.o
 .debug_info    0x000000000000355b      0x983 ./system/src/cortexm/exception_handlers.o
 .debug_info    0x0000000000003ede       0x22 ./system/src/cmsis/startup_stm32f429xx.o
 .debug_info    0x0000000000003f00     0x13a1 ./src/main.o
 .debug_info    0x00000000000052a1      0x2b8 ./src/stm32f4xx_hal_msp.o
 .debug_info    0x0000000000005559      0x133 ./src/stm32f4xx_it.o
 .debug_info    0x000000000000568c      0x839 ./src/syscalls.o
 .debug_info    0x0000000000005ec5      0x385 ./src/system_stm32f4xx.o

.debug_abbrev   0x0000000000000000     0x18fc
 *(.debug_abbrev)
 .debug_abbrev  0x0000000000000000      0x1b1 ./system/src/newlib/_startup.o
 .debug_abbrev  0x00000000000001b1      0x10e ./system/src/newlib/_syscalls.o
 .debug_abbrev  0x00000000000002bf      0x209 ./system/src/hal/stm32f4xx_hal.o
 .debug_abbrev  0x00000000000004c8      0x36d ./system/src/hal/stm32f4xx_hal_cortex.o
 .debug_abbrev  0x0000000000000835      0x28d ./system/src/hal/stm32f4xx_hal_rcc.o
 .debug_abbrev  0x0000000000000ac2      0x173 ./system/src/diag/Trace.o
 .debug_abbrev  0x0000000000000c35      0x1eb ./system/src/diag/trace_impl.o
 .debug_abbrev  0x0000000000000e20       0xe9 ./system/src/cortexm/_initialize_hardware.o
 .debug_abbrev  0x0000000000000f09      0x267 ./system/src/cortexm/exception_handlers.o
 .debug_abbrev  0x0000000000001170       0x12 ./system/src/cmsis/startup_stm32f429xx.o
 .debug_abbrev  0x0000000000001182      0x32f ./src/main.o
 .debug_abbrev  0x00000000000014b1       0xd4 ./src/stm32f4xx_hal_msp.o
 .debug_abbrev  0x0000000000001585       0x81 ./src/stm32f4xx_it.o
 .debug_abbrev  0x0000000000001606      0x1da ./src/syscalls.o
 .debug_abbrev  0x00000000000017e0      0x11c ./src/system_stm32f4xx.o

.debug_line     0x0000000000000000     0x5022
 *(.debug_line)
 .debug_line    0x0000000000000000      0x50e ./system/src/newlib/_startup.o
 .debug_line    0x000000000000050e      0x36f ./system/src/newlib/_syscalls.o
 .debug_line    0x000000000000087d      0x6bd ./system/src/hal/stm32f4xx_hal.o
 .debug_line    0x0000000000000f3a      0x8c9 ./system/src/hal/stm32f4xx_hal_cortex.o
 .debug_line    0x0000000000001803      0xc24 ./system/src/hal/stm32f4xx_hal_rcc.o
 .debug_line    0x0000000000002427      0x382 ./system/src/diag/Trace.o
 .debug_line    0x00000000000027a9      0x403 ./system/src/diag/trace_impl.o
 .debug_line    0x0000000000002bac      0x16e ./system/src/cortexm/_initialize_hardware.o
 .debug_line    0x0000000000002d1a      0x637 ./system/src/cortexm/exception_handlers.o
 .debug_line    0x0000000000003351       0x8a ./system/src/cmsis/startup_stm32f429xx.o
 .debug_line    0x00000000000033db      0xb15 ./src/main.o
 .debug_line    0x0000000000003ef0      0x340 ./src/stm32f4xx_hal_msp.o
 .debug_line    0x0000000000004230      0x434 ./src/stm32f4xx_it.o
 .debug_line    0x0000000000004664      0x5d6 ./src/syscalls.o
 .debug_line    0x0000000000004c3a      0x3e8 ./src/system_stm32f4xx.o

.debug_frame    0x0000000000000000     0x1704
 *(.debug_frame)
 .debug_frame   0x0000000000000000       0x7c ./system/src/newlib/_startup.o
 .debug_frame   0x000000000000007c       0x50 ./system/src/newlib/_syscalls.o
 .debug_frame   0x00000000000000cc      0x20c ./system/src/hal/stm32f4xx_hal.o
 .debug_frame   0x00000000000002d8      0x148 ./system/src/hal/stm32f4xx_hal_cortex.o
 .debug_frame   0x0000000000000420      0x16c ./system/src/hal/stm32f4xx_hal_rcc.o
 .debug_frame   0x000000000000058c       0x94 ./system/src/diag/Trace.o
 .debug_frame   0x0000000000000620       0x64 ./system/src/diag/trace_impl.o
 .debug_frame   0x0000000000000684       0x40 ./system/src/cortexm/_initialize_hardware.o
 .debug_frame   0x00000000000006c4      0x158 ./system/src/cortexm/exception_handlers.o
 .debug_frame   0x000000000000081c      0x140 ./src/main.o
 .debug_frame   0x000000000000095c       0x28 ./src/stm32f4xx_hal_msp.o
 .debug_frame   0x0000000000000984       0xa8 ./src/stm32f4xx_it.o
 .debug_frame   0x0000000000000a2c      0x1a8 ./src/syscalls.o
 .debug_frame   0x0000000000000bd4       0x30 ./src/system_stm32f4xx.o
 .debug_frame   0x0000000000000c04       0x30 /usr/lib/gcc/arm-none-eabi/10.2.0/../../../../arm-none-eabi/lib/thumb/v7e-m/nofp/libm.a(lib_a-s_floor.o)
 .debug_frame   0x0000000000000c34       0x38 /usr/lib/gcc/arm-none-eabi/10.2.0/../../../../arm-none-eabi/lib/thumb/v7e-m/nofp/libm.a(lib_a-w_log10.o)
 .debug_frame   0x0000000000000c6c       0x34 /usr/lib/gcc/arm-none-eabi/10.2.0/../../../../arm-none-eabi/lib/thumb/v7e-m/nofp/libm.a(lib_a-w_pow.o)
 .debug_frame   0x0000000000000ca0       0x34 /usr/lib/gcc/arm-none-eabi/10.2.0/../../../../arm-none-eabi/lib/thumb/v7e-m/nofp/libm.a(lib_a-e_log10.o)
 .debug_frame   0x0000000000000cd4       0x54 /usr/lib/gcc/arm-none-eabi/10.2.0/../../../../arm-none-eabi/lib/thumb/v7e-m/nofp/libm.a(lib_a-e_log.o)
 .debug_frame   0x0000000000000d28       0x7c /usr/lib/gcc/arm-none-eabi/10.2.0/../../../../arm-none-eabi/lib/thumb/v7e-m/nofp/libm.a(lib_a-e_pow.o)
 .debug_frame   0x0000000000000da4       0x30 /usr/lib/gcc/arm-none-eabi/10.2.0/../../../../arm-none-eabi/lib/thumb/v7e-m/nofp/libm.a(lib_a-e_sqrt.o)
 .debug_frame   0x0000000000000dd4      0x11c /usr/lib/gcc/arm-none-eabi/10.2.0/../../../../arm-none-eabi/lib/thumb/v7e-m/nofp/libm.a(lib_a-math_err.o)
 .debug_frame   0x0000000000000ef0       0x20 /usr/lib/gcc/arm-none-eabi/10.2.0/../../../../arm-none-eabi/lib/thumb/v7e-m/nofp/libm.a(lib_a-s_fabs.o)
 .debug_frame   0x0000000000000f10       0x20 /usr/lib/gcc/arm-none-eabi/10.2.0/../../../../arm-none-eabi/lib/thumb/v7e-m/nofp/libm.a(lib_a-s_finite.o)
 .debug_frame   0x0000000000000f30       0x20 /usr/lib/gcc/arm-none-eabi/10.2.0/../../../../arm-none-eabi/lib/thumb/v7e-m/nofp/libm.a(lib_a-s_nan.o)
 .debug_frame   0x0000000000000f50       0x2c /usr/lib/gcc/arm-none-eabi/10.2.0/../../../../arm-none-eabi/lib/thumb/v7e-m/nofp/libm.a(lib_a-s_scalbn.o)
 .debug_frame   0x0000000000000f7c       0xac /usr/lib/gcc/arm-none-eabi/10.2.0/thumb/v7e-m/nofp/libgcc.a(_arm_addsubdf3.o)
 .debug_frame   0x0000000000001028       0x50 /usr/lib/gcc/arm-none-eabi/10.2.0/thumb/v7e-m/nofp/libgcc.a(_arm_muldivdf3.o)
 .debug_frame   0x0000000000001078       0xc4 /usr/lib/gcc/arm-none-eabi/10.2.0/thumb/v7e-m/nofp/libgcc.a(_arm_cmpdf2.o)
 .debug_frame   0x000000000000113c       0x20 /usr/lib/gcc/arm-none-eabi/10.2.0/thumb/v7e-m/nofp/libgcc.a(_arm_unorddf2.o)
 .debug_frame   0x000000000000115c       0x24 /usr/lib/gcc/arm-none-eabi/10.2.0/thumb/v7e-m/nofp/libgcc.a(_arm_fixdfsi.o)
 .debug_frame   0x0000000000001180       0x2c /usr/lib/gcc/arm-none-eabi/10.2.0/thumb/v7e-m/nofp/libgcc.a(_aeabi_uldivmod.o)
 .debug_frame   0x00000000000011ac       0x38 /usr/lib/gcc/arm-none-eabi/10.2.0/thumb/v7e-m/nofp/libgcc.a(_udivmoddi4.o)
 .debug_frame   0x00000000000011e4       0x20 /usr/lib/gcc/arm-none-eabi/10.2.0/../../../../arm-none-eabi/lib/thumb/v7e-m/nofp/libg_nano.a(lib_a-abs.o)
 .debug_frame   0x0000000000001204       0x30 /usr/lib/gcc/arm-none-eabi/10.2.0/../../../../arm-none-eabi/lib/thumb/v7e-m/nofp/libg_nano.a(lib_a-atoi.o)
 .debug_frame   0x0000000000001234       0x20 /usr/lib/gcc/arm-none-eabi/10.2.0/../../../../arm-none-eabi/lib/thumb/v7e-m/nofp/libg_nano.a(lib_a-errno.o)
 .debug_frame   0x0000000000001254       0x38 /usr/lib/gcc/arm-none-eabi/10.2.0/../../../../arm-none-eabi/lib/thumb/v7e-m/nofp/libg_nano.a(lib_a-itoa.o)
 .debug_frame   0x000000000000128c       0x30 /usr/lib/gcc/arm-none-eabi/10.2.0/../../../../arm-none-eabi/lib/thumb/v7e-m/nofp/libg_nano.a(lib_a-malloc.o)
 .debug_frame   0x00000000000012bc       0x28 /usr/lib/gcc/arm-none-eabi/10.2.0/../../../../arm-none-eabi/lib/thumb/v7e-m/nofp/libg_nano.a(lib_a-memcpy-stub.o)
 .debug_frame   0x00000000000012e4       0x20 /usr/lib/gcc/arm-none-eabi/10.2.0/../../../../arm-none-eabi/lib/thumb/v7e-m/nofp/libg_nano.a(lib_a-memset.o)
 .debug_frame   0x0000000000001304       0x38 /usr/lib/gcc/arm-none-eabi/10.2.0/../../../../arm-none-eabi/lib/thumb/v7e-m/nofp/libg_nano.a(lib_a-nano-freer.o)
 .debug_frame   0x000000000000133c       0x30 /usr/lib/gcc/arm-none-eabi/10.2.0/../../../../arm-none-eabi/lib/thumb/v7e-m/nofp/libg_nano.a(lib_a-nano-mallocr.o)
 .debug_frame   0x000000000000136c       0x2c /usr/lib/gcc/arm-none-eabi/10.2.0/../../../../arm-none-eabi/lib/thumb/v7e-m/nofp/libg_nano.a(lib_a-sbrkr.o)
 .debug_frame   0x0000000000001398       0x20 /usr/lib/gcc/arm-none-eabi/10.2.0/../../../../arm-none-eabi/lib/thumb/v7e-m/nofp/libg_nano.a(lib_a-strcpy.o)
 .debug_frame   0x00000000000013b8       0x64 /usr/lib/gcc/arm-none-eabi/10.2.0/../../../../arm-none-eabi/lib/thumb/v7e-m/nofp/libg_nano.a(lib_a-strtol.o)
 .debug_frame   0x000000000000141c       0x48 /usr/lib/gcc/arm-none-eabi/10.2.0/../../../../arm-none-eabi/lib/thumb/v7e-m/nofp/libg_nano.a(lib_a-utoa.o)
 .debug_frame   0x0000000000001464       0x4c /usr/lib/gcc/arm-none-eabi/10.2.0/../../../../arm-none-eabi/lib/thumb/v7e-m/nofp/libg_nano.a(lib_a-vsnprintf.o)
 .debug_frame   0x00000000000014b0       0x30 /usr/lib/gcc/arm-none-eabi/10.2.0/../../../../arm-none-eabi/lib/thumb/v7e-m/nofp/libg_nano.a(lib_a-mlock.o)
 .debug_frame   0x00000000000014e0       0x90 /usr/lib/gcc/arm-none-eabi/10.2.0/../../../../arm-none-eabi/lib/thumb/v7e-m/nofp/libg_nano.a(lib_a-nano-svfprintf.o)
 .debug_frame   0x0000000000001570       0x60 /usr/lib/gcc/arm-none-eabi/10.2.0/../../../../arm-none-eabi/lib/thumb/v7e-m/nofp/libg_nano.a(lib_a-nano-vfprintf_i.o)
 .debug_frame   0x00000000000015d0       0xb0 /usr/lib/gcc/arm-none-eabi/10.2.0/../../../../arm-none-eabi/lib/thumb/v7e-m/nofp/libg_nano.a(lib_a-lock.o)
 .debug_frame   0x0000000000001680       0x28 /usr/lib/gcc/arm-none-eabi/10.2.0/../../../../arm-none-eabi/lib/thumb/v7e-m/nofp/libg_nano.a(lib_a-memmove.o)
 .debug_frame   0x00000000000016a8       0x3c /usr/lib/gcc/arm-none-eabi/10.2.0/../../../../arm-none-eabi/lib/thumb/v7e-m/nofp/libg_nano.a(lib_a-nano-reallocr.o)
 .debug_frame   0x00000000000016e4       0x20 /usr/lib/gcc/arm-none-eabi/10.2.0/../../../../arm-none-eabi/lib/thumb/v7e-m/nofp/libg_nano.a(lib_a-nano-msizer.o)

.debug_str      0x0000000000000000    0xd29ad
 *(.debug_str)
 .debug_str     0x0000000000000000     0x60e2 ./system/src/newlib/_startup.o
                                       0x6341 (size before relaxing)
 .debug_str     0x00000000000060e2     0x2956 ./system/src/newlib/_syscalls.o
                                       0x8088 (size before relaxing)
 .debug_str     0x0000000000008a38    0xc5d55 ./system/src/hal/stm32f4xx_hal.o
                                      0xc997d (size before relaxing)
 .debug_str     0x00000000000ce78d      0x3a8 ./system/src/hal/stm32f4xx_hal_cortex.o
                                      0xc9658 (size before relaxing)
 .debug_str     0x00000000000ceb35      0x41e ./system/src/hal/stm32f4xx_hal_rcc.o
                                      0xc9189 (size before relaxing)
 .debug_str     0x00000000000cef53     0x1806 ./system/src/diag/Trace.o
                                       0x7ee0 (size before relaxing)
 .debug_str     0x00000000000d0759      0x36d ./system/src/diag/trace_impl.o
                                      0x96228 (size before relaxing)
 .debug_str     0x00000000000d0ac6       0x5e ./system/src/cortexm/_initialize_hardware.o
                                      0x92674 (size before relaxing)
 .debug_str     0x00000000000d0b24      0x19d ./system/src/cortexm/exception_handlers.o
                                      0x973a6 (size before relaxing)
 .debug_str     0x00000000000d0cc1       0x38 ./system/src/cmsis/startup_stm32f429xx.o
                                         0x65 (size before relaxing)
 .debug_str     0x00000000000d0cf9     0x1962 ./src/main.o
                                      0xcd317 (size before relaxing)
 .debug_str     0x00000000000d265b       0x1b ./src/stm32f4xx_hal_msp.o
                                      0xc8cc1 (size before relaxing)
 .debug_str     0x00000000000d2676       0x28 ./src/stm32f4xx_it.o
                                      0xc8c3f (size before relaxing)
 .debug_str     0x00000000000d269e      0x2eb ./src/syscalls.o
                                       0x8544 (size before relaxing)
 .debug_str     0x00000000000d2989       0x24 ./src/system_stm32f4xx.o
                                      0xc8d13 (size before relaxing)

.debug_loc      0x0000000000000000     0x25dc
 *(.debug_loc)
 .debug_loc     0x0000000000000000      0x2de ./system/src/newlib/_startup.o
 .debug_loc     0x00000000000002de       0x6f ./system/src/newlib/_syscalls.o
 .debug_loc     0x000000000000034d      0x141 ./system/src/hal/stm32f4xx_hal.o
 .debug_loc     0x000000000000048e      0x744 ./system/src/hal/stm32f4xx_hal_cortex.o
 .debug_loc     0x0000000000000bd2      0x58c ./system/src/hal/stm32f4xx_hal_rcc.o
 .debug_loc     0x000000000000115e      0x118 ./system/src/diag/Trace.o
 .debug_loc     0x0000000000001276      0x194 ./system/src/diag/trace_impl.o
 .debug_loc     0x000000000000140a      0x35c ./system/src/cortexm/exception_handlers.o
 .debug_loc     0x0000000000001766      0x8e8 ./src/main.o
 .debug_loc     0x000000000000204e      0x436 ./src/syscalls.o
 .debug_loc     0x0000000000002484      0x158 ./src/system_stm32f4xx.o

.debug_macinfo
 *(.debug_macinfo)

.debug_weaknames
 *(.debug_weaknames)

.debug_funcnames
 *(.debug_funcnames)

.debug_typenames
 *(.debug_typenames)

.debug_varnames
 *(.debug_varnames)
OUTPUT(Lab2.elf elf32-littlearm)
LOAD linker stubs

.debug_ranges   0x0000000000000000      0x5b0
 .debug_ranges  0x0000000000000000       0x30 ./system/src/newlib/_startup.o
 .debug_ranges  0x0000000000000030       0x20 ./system/src/newlib/_syscalls.o
 .debug_ranges  0x0000000000000050       0xf0 ./system/src/hal/stm32f4xx_hal.o
 .debug_ranges  0x0000000000000140       0xf8 ./system/src/hal/stm32f4xx_hal_cortex.o
 .debug_ranges  0x0000000000000238       0x90 ./system/src/hal/stm32f4xx_hal_rcc.o
 .debug_ranges  0x00000000000002c8       0x28 ./system/src/diag/Trace.o
 .debug_ranges  0x00000000000002f0       0x38 ./system/src/diag/trace_impl.o
 .debug_ranges  0x0000000000000328       0x18 ./system/src/cortexm/_initialize_hardware.o
 .debug_ranges  0x0000000000000340       0x98 ./system/src/cortexm/exception_handlers.o
 .debug_ranges  0x00000000000003d8       0x20 ./system/src/cmsis/startup_stm32f429xx.o
 .debug_ranges  0x00000000000003f8       0xa0 ./src/main.o
 .debug_ranges  0x0000000000000498       0x10 ./src/stm32f4xx_hal_msp.o
 .debug_ranges  0x00000000000004a8       0x50 ./src/stm32f4xx_it.o
 .debug_ranges  0x00000000000004f8       0xa0 ./src/syscalls.o
 .debug_ranges  0x0000000000000598       0x18 ./src/system_stm32f4xx.o

.debug_macro    0x0000000000000000    0x2290e
 .debug_macro   0x0000000000000000      0x15f ./system/src/newlib/_startup.o
 .debug_macro   0x000000000000015f      0x34e ./system/src/newlib/_startup.o
 .debug_macro   0x00000000000004ad      0x174 ./system/src/newlib/_startup.o
 .debug_macro   0x0000000000000621      0x220 ./system/src/newlib/_syscalls.o
 .debug_macro   0x0000000000000841       0x1c ./system/src/newlib/_syscalls.o
 .debug_macro   0x000000000000085d       0x10 ./system/src/newlib/_syscalls.o
 .debug_macro   0x000000000000086d      0x23b ./system/src/newlib/_syscalls.o
 .debug_macro   0x0000000000000aa8       0x10 ./system/src/newlib/_syscalls.o
 .debug_macro   0x0000000000000ab8       0x10 ./system/src/newlib/_syscalls.o
 .debug_macro   0x0000000000000ac8       0x10 ./system/src/newlib/_syscalls.o
 .debug_macro   0x0000000000000ad8       0x35 ./system/src/newlib/_syscalls.o
 .debug_macro   0x0000000000000b0d      0x12c ./system/src/newlib/_syscalls.o
 .debug_macro   0x0000000000000c39       0xce ./system/src/newlib/_syscalls.o
 .debug_macro   0x0000000000000d07       0x7c ./system/src/newlib/_syscalls.o
 .debug_macro   0x0000000000000d83       0x17 ./system/src/newlib/_syscalls.o
 .debug_macro   0x0000000000000d9a      0x118 ./system/src/newlib/_syscalls.o
 .debug_macro   0x0000000000000eb2      0x189 ./system/src/newlib/_syscalls.o
 .debug_macro   0x000000000000103b       0x16 ./system/src/newlib/_syscalls.o
 .debug_macro   0x0000000000001051      0x1d1 ./system/src/hal/stm32f4xx_hal.o
 .debug_macro   0x0000000000001222      0x28f ./system/src/hal/stm32f4xx_hal.o
 .debug_macro   0x00000000000014b1       0x2e ./system/src/hal/stm32f4xx_hal.o
 .debug_macro   0x00000000000014df       0x28 ./system/src/hal/stm32f4xx_hal.o
 .debug_macro   0x0000000000001507       0x1c ./system/src/hal/stm32f4xx_hal.o
 .debug_macro   0x0000000000001523       0x22 ./system/src/hal/stm32f4xx_hal.o
 .debug_macro   0x0000000000001545       0xd9 ./system/src/hal/stm32f4xx_hal.o
 .debug_macro   0x000000000000161e     0x102d ./system/src/hal/stm32f4xx_hal.o
 .debug_macro   0x000000000000264b      0x11f ./system/src/hal/stm32f4xx_hal.o
 .debug_macro   0x000000000000276a    0x17f6a ./system/src/hal/stm32f4xx_hal.o
 .debug_macro   0x000000000001a6d4       0x43 ./system/src/hal/stm32f4xx_hal.o
 .debug_macro   0x000000000001a717     0x36c9 ./system/src/hal/stm32f4xx_hal.o
 .debug_macro   0x000000000001dde0       0x5c ./system/src/hal/stm32f4xx_hal.o
 .debug_macro   0x000000000001de3c      0xca5 ./system/src/hal/stm32f4xx_hal.o
 .debug_macro   0x000000000001eae1      0x9fe ./system/src/hal/stm32f4xx_hal.o
 .debug_macro   0x000000000001f4df      0x117 ./system/src/hal/stm32f4xx_hal.o
 .debug_macro   0x000000000001f5f6      0x157 ./system/src/hal/stm32f4xx_hal.o
 .debug_macro   0x000000000001f74d       0x82 ./system/src/hal/stm32f4xx_hal.o
 .debug_macro   0x000000000001f7cf      0x182 ./system/src/hal/stm32f4xx_hal.o
 .debug_macro   0x000000000001f951      0x287 ./system/src/hal/stm32f4xx_hal.o
 .debug_macro   0x000000000001fbd8       0x5f ./system/src/hal/stm32f4xx_hal.o
 .debug_macro   0x000000000001fc37      0x236 ./system/src/hal/stm32f4xx_hal.o
 .debug_macro   0x000000000001fe6d      0x132 ./system/src/hal/stm32f4xx_hal.o
 .debug_macro   0x000000000001ff9f      0x41d ./system/src/hal/stm32f4xx_hal.o
 .debug_macro   0x00000000000203bc       0x2e ./system/src/hal/stm32f4xx_hal.o
 .debug_macro   0x00000000000203ea      0x11a ./system/src/hal/stm32f4xx_hal.o
 .debug_macro   0x0000000000020504       0xe2 ./system/src/hal/stm32f4xx_hal.o
 .debug_macro   0x00000000000205e6       0x89 ./system/src/hal/stm32f4xx_hal.o
 .debug_macro   0x000000000002066f      0x134 ./system/src/hal/stm32f4xx_hal.o
 .debug_macro   0x00000000000207a3      0x171 ./system/src/hal/stm32f4xx_hal_cortex.o
 .debug_macro   0x0000000000020914      0x195 ./system/src/hal/stm32f4xx_hal_rcc.o
 .debug_macro   0x0000000000020aa9      0x1f5 ./system/src/diag/Trace.o
 .debug_macro   0x0000000000020c9e       0x16 ./system/src/diag/Trace.o
 .debug_macro   0x0000000000020cb4       0x97 ./system/src/diag/Trace.o
 .debug_macro   0x0000000000020d4b       0xfd ./system/src/diag/Trace.o
 .debug_macro   0x0000000000020e48       0x10 ./system/src/diag/Trace.o
 .debug_macro   0x0000000000020e58       0x16 ./system/src/diag/Trace.o
 .debug_macro   0x0000000000020e6e      0x16f ./system/src/diag/Trace.o
 .debug_macro   0x0000000000020fdd       0x4c ./system/src/diag/Trace.o
 .debug_macro   0x0000000000021029       0x16 ./system/src/diag/Trace.o
 .debug_macro   0x000000000002103f      0x1e5 ./system/src/diag/trace_impl.o
 .debug_macro   0x0000000000021224       0x10 ./system/src/diag/trace_impl.o
 .debug_macro   0x0000000000021234       0xcf ./system/src/diag/trace_impl.o
 .debug_macro   0x0000000000021303       0x20 ./system/src/diag/trace_impl.o
 .debug_macro   0x0000000000021323       0xbe ./system/src/diag/trace_impl.o
 .debug_macro   0x00000000000213e1       0x22 ./system/src/diag/trace_impl.o
 .debug_macro   0x0000000000021403       0x8a ./system/src/cortexm/_initialize_hardware.o
 .debug_macro   0x000000000002148d      0x243 ./system/src/cortexm/exception_handlers.o
 .debug_macro   0x00000000000216d0       0x10 ./system/src/cortexm/exception_handlers.o
 .debug_macro   0x00000000000216e0      0x290 ./src/main.o
 .debug_macro   0x0000000000021970      0x19b ./src/main.o
 .debug_macro   0x0000000000021b0b      0x103 ./src/main.o
 .debug_macro   0x0000000000021c0e      0x3e5 ./src/main.o
 .debug_macro   0x0000000000021ff3      0x17b ./src/stm32f4xx_hal_msp.o
 .debug_macro   0x000000000002216e      0x185 ./src/stm32f4xx_it.o
 .debug_macro   0x00000000000222f3      0x23d ./src/syscalls.o
 .debug_macro   0x0000000000022530      0x241 ./src/syscalls.o
 .debug_macro   0x0000000000022771       0x1c ./src/syscalls.o
 .debug_macro   0x000000000002278d       0x10 ./src/syscalls.o
 .debug_macro   0x000000000002279d      0x171 ./src/system_stm32f4xx.o
